13:17:14 **** Incremental Build of configuration Debug for project Freertos_sample2 ****
make all 
Building file: ../src/main.c
Invoking: Cross ARM GNU C Compiler
arm-none-eabi-gcc -mcpu=cortex-m3 -mthumb -Og -fmessage-length=0 -fsigned-char -ffunction-sections -fdata-sections -fno-move-loop-invariants -Wall -Wextra  -g3 -DDEBUG -DUSE_FULL_ASSERT -DSTM32F2XX -DUSE_STDPERIPH_DRIVER -DHSE_VALUE=8000000 -DSTM32F207xx -I"../include" -I"../system/include" -I"../system/include/cmsis" -I"../system/include/stm32f2-stdperiph" -I"../system/include/stm32f2xx" -I"../system/include/cmsis/device" -I"../Middlewares/Third_Party/FreeRTOS/Source/portable/GCC/ARM_CM3" -I"../Middlewares/Third_Party/FreeRTOS/Source/include" -I"../Middlewares/Third_Party/FreeRTOS/Source/CMSIS_RTOS" -std=gnu11 -MMD -MP -MF"src/main.d" -MT"src/main.o" -c -o "src/main.o" "../src/main.c"
../src/main.c: In function 'StartDefaultTask':
../src/main.c:352:36: warning: unused parameter 'argument' [-Wunused-parameter]
 void StartDefaultTask(void const * argument)
                                    ^
../src/main.c: In function '_Error_Handler':
../src/main.c:372:27: warning: unused parameter 'file' [-Wunused-parameter]
 void _Error_Handler(char *file, int line)
                           ^
../src/main.c:372:37: warning: unused parameter 'line' [-Wunused-parameter]
 void _Error_Handler(char *file, int line)
                                     ^
../src/main.c: In function 'assert_failed':
../src/main.c:390:29: warning: unused parameter 'file' [-Wunused-parameter]
 void assert_failed(uint8_t* file, uint32_t line)
                             ^
../src/main.c:390:44: warning: unused parameter 'line' [-Wunused-parameter]
 void assert_failed(uint8_t* file, uint32_t line)
                                            ^
../src/main.c: At top level:
../src/main.c:220:13: warning: 'MX_ETH_Init' defined but not used [-Wunused-function]
 static void MX_ETH_Init(void)
             ^
../src/main.c:251:13: warning: 'MX_USART3_UART_Init' defined but not used [-Wunused-function]
 static void MX_USART3_UART_Init(void)
             ^
../src/main.c:270:13: warning: 'MX_USB_OTG_FS_PCD_Init' defined but not used [-Wunused-function]
 static void MX_USB_OTG_FS_PCD_Init(void)
             ^
Finished building: ../src/main.c
 
Building target: Freertos_sample2.elf
Invoking: Cross ARM GNU C++ Linker
arm-none-eabi-g++ -mcpu=cortex-m3 -mthumb -Og -fmessage-length=0 -fsigned-char -ffunction-sections -fdata-sections -fno-move-loop-invariants -Wall -Wextra  -g3 -T mem.ld -T libs.ld -T sections.ld -nostartfiles -Xlinker --gc-sections -L"../ldscripts" -Wl,-Map,"Freertos_sample2.map" --specs=nano.specs -o "Freertos_sample2.elf"  ./system/src/stm32f2xx/stm32f2xx_hal.o ./system/src/stm32f2xx/stm32f2xx_hal_cortex.o ./system/src/stm32f2xx/stm32f2xx_hal_dma.o ./system/src/stm32f2xx/stm32f2xx_hal_dma_ex.o ./system/src/stm32f2xx/stm32f2xx_hal_eth.o ./system/src/stm32f2xx/stm32f2xx_hal_flash.o ./system/src/stm32f2xx/stm32f2xx_hal_flash_ex.o ./system/src/stm32f2xx/stm32f2xx_hal_gpio.o ./system/src/stm32f2xx/stm32f2xx_hal_pcd.o ./system/src/stm32f2xx/stm32f2xx_hal_pcd_ex.o ./system/src/stm32f2xx/stm32f2xx_hal_pwr.o ./system/src/stm32f2xx/stm32f2xx_hal_pwr_ex.o ./system/src/stm32f2xx/stm32f2xx_hal_rcc.o ./system/src/stm32f2xx/stm32f2xx_hal_rcc_ex.o ./system/src/stm32f2xx/stm32f2xx_hal_tim.o ./system/src/stm32f2xx/stm32f2xx_hal_tim_ex.o ./system/src/stm32f2xx/stm32f2xx_hal_uart.o ./system/src/stm32f2xx/stm32f2xx_ll_usb.o  ./system/src/newlib/_cxx.o ./system/src/newlib/_exit.o ./system/src/newlib/_sbrk.o ./system/src/newlib/_startup.o ./system/src/newlib/_syscalls.o ./system/src/newlib/assert.o  ./system/src/diag/Trace.o ./system/src/diag/trace_impl.o  ./system/src/cortexm/_initialize_hardware.o ./system/src/cortexm/_reset_hardware.o ./system/src/cortexm/exception_handlers.o  ./system/src/cmsis/startup_stm32f207xx.o ./system/src/cmsis/system_stm32f2xx.o  ./src/freertos.o ./src/main.o ./src/stm32f2xx_hal_msp.o ./src/stm32f2xx_it.o  ./Middlewares/Third_Party/FreeRTOS/Source/portable/MemMang/heap_4.o  ./Middlewares/Third_Party/FreeRTOS/Source/portable/GCC/ARM_CM3/port.o  ./Middlewares/Third_Party/FreeRTOS/Source/CMSIS_RTOS/cmsis_os.o  ./Middlewares/Third_Party/FreeRTOS/Source/croutine.o ./Middlewares/Third_Party/FreeRTOS/Source/event_groups.o ./Middlewares/Third_Party/FreeRTOS/Source/list.o ./Middlewares/Third_Party/FreeRTOS/Source/queue.o ./Middlewares/Third_Party/FreeRTOS/Source/tasks.o ./Middlewares/Third_Party/FreeRTOS/Source/timers.o   
Finished building target: Freertos_sample2.elf
 
Invoking: Cross ARM GNU Create Flash Image
arm-none-eabi-objcopy -O ihex "Freertos_sample2.elf"  "Freertos_sample2.hex"
Finished building: Freertos_sample2.hex
 
Invoking: Cross ARM GNU Print Size
arm-none-eabi-size --format=berkeley "Freertos_sample2.elf"
   text	   data	    bss	    dec	    hex	filename
   9124	     64	  17104	  26292	   66b4	Freertos_sample2.elf
Finished building: Freertos_sample2.siz
 

13:17:15 Build Finished (took 524ms)

