Archive member included to satisfy reference by file (symbol)

/home/kishan/Downloads/gcc-arm-none-eabi/gcc-arm-none-eabi-5_4-2016q3/bin/../lib/gcc/arm-none-eabi/5.4.1/armv7-m/libgcc.a(_aeabi_uldivmod.o)
                              ./system/src/stm32f2xx/stm32f2xx_hal_rcc.o (__aeabi_uldivmod)
/home/kishan/Downloads/gcc-arm-none-eabi/gcc-arm-none-eabi-5_4-2016q3/bin/../lib/gcc/arm-none-eabi/5.4.1/armv7-m/libgcc.a(_udivmoddi4.o)
                              /home/kishan/Downloads/gcc-arm-none-eabi/gcc-arm-none-eabi-5_4-2016q3/bin/../lib/gcc/arm-none-eabi/5.4.1/armv7-m/libgcc.a(_aeabi_uldivmod.o) (__udivmoddi4)
/home/kishan/Downloads/gcc-arm-none-eabi/gcc-arm-none-eabi-5_4-2016q3/bin/../lib/gcc/arm-none-eabi/5.4.1/armv7-m/libgcc.a(_dvmd_tls.o)
                              /home/kishan/Downloads/gcc-arm-none-eabi/gcc-arm-none-eabi-5_4-2016q3/bin/../lib/gcc/arm-none-eabi/5.4.1/armv7-m/libgcc.a(_aeabi_uldivmod.o) (__aeabi_ldiv0)
/home/kishan/Downloads/gcc-arm-none-eabi/gcc-arm-none-eabi-5_4-2016q3/bin/../lib/gcc/arm-none-eabi/5.4.1/../../../../arm-none-eabi/lib/armv7-m/libg_nano.a(lib_a-errno.o)
                              ./system/src/newlib/_sbrk.o (__errno)
/home/kishan/Downloads/gcc-arm-none-eabi/gcc-arm-none-eabi-5_4-2016q3/bin/../lib/gcc/arm-none-eabi/5.4.1/../../../../arm-none-eabi/lib/armv7-m/libg_nano.a(lib_a-impure.o)
                              /home/kishan/Downloads/gcc-arm-none-eabi/gcc-arm-none-eabi-5_4-2016q3/bin/../lib/gcc/arm-none-eabi/5.4.1/../../../../arm-none-eabi/lib/armv7-m/libg_nano.a(lib_a-errno.o) (_impure_ptr)
/home/kishan/Downloads/gcc-arm-none-eabi/gcc-arm-none-eabi-5_4-2016q3/bin/../lib/gcc/arm-none-eabi/5.4.1/../../../../arm-none-eabi/lib/armv7-m/libg_nano.a(lib_a-init.o)
                              ./system/src/cmsis/startup_stm32f207xx.o (__libc_init_array)
/home/kishan/Downloads/gcc-arm-none-eabi/gcc-arm-none-eabi-5_4-2016q3/bin/../lib/gcc/arm-none-eabi/5.4.1/../../../../arm-none-eabi/lib/armv7-m/libg_nano.a(lib_a-memcpy-stub.o)
                              ./Middlewares/Third_Party/FreeRTOS/Source/queue.o (memcpy)

Allocating common symbols
Common symbol       size              file

defaultTaskHandle   0x4               ./src/main.o
errno               0x4               ./system/src/newlib/_syscalls.o
huart3              0x40              ./src/main.o
hpcd_USB_OTG_FS     0x3e8             ./src/main.o
uwTick              0x4               ./system/src/stm32f2xx/stm32f2xx_hal.o
xQueueRegistry      0x40              ./Middlewares/Third_Party/FreeRTOS/Source/queue.o
pFlash              0x20              ./system/src/stm32f2xx/stm32f2xx_hal_flash.o
heth                0x48              ./src/main.o

Discarded input sections

 .group         0x00000000        0x8 ./system/src/stm32f2xx/stm32f2xx_hal.o
 .group         0x00000000        0x8 ./system/src/stm32f2xx/stm32f2xx_hal.o
 .group         0x00000000        0x8 ./system/src/stm32f2xx/stm32f2xx_hal.o
 .group         0x00000000        0x8 ./system/src/stm32f2xx/stm32f2xx_hal.o
 .group         0x00000000        0x8 ./system/src/stm32f2xx/stm32f2xx_hal.o
 .group         0x00000000        0x8 ./system/src/stm32f2xx/stm32f2xx_hal.o
 .group         0x00000000        0x8 ./system/src/stm32f2xx/stm32f2xx_hal.o
 .group         0x00000000        0x8 ./system/src/stm32f2xx/stm32f2xx_hal.o
 .group         0x00000000        0x8 ./system/src/stm32f2xx/stm32f2xx_hal.o
 .group         0x00000000        0x8 ./system/src/stm32f2xx/stm32f2xx_hal.o
 .group         0x00000000        0x8 ./system/src/stm32f2xx/stm32f2xx_hal.o
 .group         0x00000000        0x8 ./system/src/stm32f2xx/stm32f2xx_hal.o
 .group         0x00000000        0x8 ./system/src/stm32f2xx/stm32f2xx_hal.o
 .group         0x00000000        0x8 ./system/src/stm32f2xx/stm32f2xx_hal.o
 .group         0x00000000        0x8 ./system/src/stm32f2xx/stm32f2xx_hal.o
 .group         0x00000000        0x8 ./system/src/stm32f2xx/stm32f2xx_hal.o
 .group         0x00000000        0x8 ./system/src/stm32f2xx/stm32f2xx_hal.o
 .group         0x00000000        0x8 ./system/src/stm32f2xx/stm32f2xx_hal.o
 .group         0x00000000        0x8 ./system/src/stm32f2xx/stm32f2xx_hal.o
 .group         0x00000000        0x8 ./system/src/stm32f2xx/stm32f2xx_hal.o
 .group         0x00000000        0x8 ./system/src/stm32f2xx/stm32f2xx_hal.o
 .group         0x00000000        0x8 ./system/src/stm32f2xx/stm32f2xx_hal.o
 .group         0x00000000        0x8 ./system/src/stm32f2xx/stm32f2xx_hal.o
 .group         0x00000000        0x8 ./system/src/stm32f2xx/stm32f2xx_hal.o
 .group         0x00000000        0x8 ./system/src/stm32f2xx/stm32f2xx_hal.o
 .group         0x00000000        0x8 ./system/src/stm32f2xx/stm32f2xx_hal.o
 .group         0x00000000        0x8 ./system/src/stm32f2xx/stm32f2xx_hal.o
 .group         0x00000000        0x8 ./system/src/stm32f2xx/stm32f2xx_hal.o
 .group         0x00000000        0x8 ./system/src/stm32f2xx/stm32f2xx_hal.o
[...]
Memory Configuration

Name             Origin             Length             Attributes
RAM              0x20000000         0x00005000         xrw
CCMRAM           0x00000000         0x00000000         xrw
FLASH            0x08000000         0x00020000         xr
FLASHB1          0x00000000         0x00000000         xr
EXTMEMB0         0x00000000         0x00000000         xr
EXTMEMB1         0x00000000         0x00000000         xr
EXTMEMB2         0x00000000         0x00000000         xr
EXTMEMB3         0x00000000         0x00000000         xr
MEMORY_ARRAY     0x00000000         0x00000000         xrw
*default*        0x00000000         0xffffffff

Linker script and memory map

LOAD ./system/src/stm32f2xx/stm32f2xx_hal.o
LOAD ./system/src/stm32f2xx/stm32f2xx_hal_cortex.o
LOAD ./system/src/stm32f2xx/stm32f2xx_hal_dma.o
LOAD ./system/src/stm32f2xx/stm32f2xx_hal_dma_ex.o
LOAD ./system/src/stm32f2xx/stm32f2xx_hal_eth.o
LOAD ./system/src/stm32f2xx/stm32f2xx_hal_flash.o
LOAD ./system/src/stm32f2xx/stm32f2xx_hal_flash_ex.o
LOAD ./system/src/stm32f2xx/stm32f2xx_hal_gpio.o
LOAD ./system/src/stm32f2xx/stm32f2xx_hal_pcd.o
LOAD ./system/src/stm32f2xx/stm32f2xx_hal_pcd_ex.o
LOAD ./system/src/stm32f2xx/stm32f2xx_hal_pwr.o
LOAD ./system/src/stm32f2xx/stm32f2xx_hal_pwr_ex.o
LOAD ./system/src/stm32f2xx/stm32f2xx_hal_rcc.o
LOAD ./system/src/stm32f2xx/stm32f2xx_hal_rcc_ex.o
LOAD ./system/src/stm32f2xx/stm32f2xx_hal_tim.o
LOAD ./system/src/stm32f2xx/stm32f2xx_hal_tim_ex.o
LOAD ./system/src/stm32f2xx/stm32f2xx_hal_uart.o
LOAD ./system/src/stm32f2xx/stm32f2xx_ll_usb.o
LOAD ./system/src/newlib/_cxx.o
LOAD ./system/src/newlib/_exit.o
LOAD ./system/src/newlib/_sbrk.o
LOAD ./system/src/newlib/_startup.o
LOAD ./system/src/newlib/_syscalls.o
LOAD ./system/src/newlib/assert.o
LOAD ./system/src/diag/Trace.o
LOAD ./system/src/diag/trace_impl.o
LOAD ./system/src/cortexm/_initialize_hardware.o
LOAD ./system/src/cortexm/_reset_hardware.o
LOAD ./system/src/cortexm/exception_handlers.o
LOAD ./system/src/cmsis/startup_stm32f207xx.o
LOAD ./system/src/cmsis/system_stm32f2xx.o
LOAD ./src/freertos.o
LOAD ./src/main.o
LOAD ./src/stm32f2xx_hal_msp.o
LOAD ./src/stm32f2xx_it.o
LOAD ./Middlewares/Third_Party/FreeRTOS/Source/portable/MemMang/heap_4.o
LOAD ./Middlewares/Third_Party/FreeRTOS/Source/portable/GCC/ARM_CM3/port.o
LOAD ./Middlewares/Third_Party/FreeRTOS/Source/CMSIS_RTOS/cmsis_os.o
LOAD ./Middlewares/Third_Party/FreeRTOS/Source/croutine.o
LOAD ./Middlewares/Third_Party/FreeRTOS/Source/event_groups.o
LOAD ./Middlewares/Third_Party/FreeRTOS/Source/list.o
LOAD ./Middlewares/Third_Party/FreeRTOS/Source/queue.o
LOAD ./Middlewares/Third_Party/FreeRTOS/Source/tasks.o
LOAD ./Middlewares/Third_Party/FreeRTOS/Source/timers.o
LOAD /home/kishan/Downloads/gcc-arm-none-eabi/gcc-arm-none-eabi-5_4-2016q3/bin/../lib/gcc/arm-none-eabi/5.4.1/../../../../arm-none-eabi/lib/armv7-m/libstdc++_nano.a
LOAD /home/kishan/Downloads/gcc-arm-none-eabi/gcc-arm-none-eabi-5_4-2016q3/bin/../lib/gcc/arm-none-eabi/5.4.1/../../../../arm-none-eabi/lib/armv7-m/libm.a
START GROUP
LOAD /home/kishan/Downloads/gcc-arm-none-eabi/gcc-arm-none-eabi-5_4-2016q3/bin/../lib/gcc/arm-none-eabi/5.4.1/armv7-m/libgcc.a
LOAD /home/kishan/Downloads/gcc-arm-none-eabi/gcc-arm-none-eabi-5_4-2016q3/bin/../lib/gcc/arm-none-eabi/5.4.1/../../../../arm-none-eabi/lib/armv7-m/libg_nano.a
LOAD /home/kishan/Downloads/gcc-arm-none-eabi/gcc-arm-none-eabi-5_4-2016q3/bin/../lib/gcc/arm-none-eabi/5.4.1/../../../../arm-none-eabi/lib/armv7-m/libc_nano.a
END GROUP
START GROUP
LOAD /home/kishan/Downloads/gcc-arm-none-eabi/gcc-arm-none-eabi-5_4-2016q3/bin/../lib/gcc/arm-none-eabi/5.4.1/armv7-m/libgcc.a
LOAD /home/kishan/Downloads/gcc-arm-none-eabi/gcc-arm-none-eabi-5_4-2016q3/bin/../lib/gcc/arm-none-eabi/5.4.1/../../../../arm-none-eabi/lib/armv7-m/libc_nano.a
END GROUP
                0x20005000                __stack = (ORIGIN (RAM) + LENGTH (RAM))
                0x20005000                _estack = __stack
                0x00000400                __Main_Stack_Size = 0x400
                [!provide]                PROVIDE (_Main_Stack_Size, __Main_Stack_Size)
                0x20004c00                __Main_Stack_Limit = (__stack - __Main_Stack_Size)
                [!provide]                PROVIDE (_Main_Stack_Limit, __Main_Stack_Limit)
                0x00000100                _Minimum_Stack_Size = 0x100
                0x200041e8                PROVIDE (_Heap_Begin, _end_noinit)
                0x20004c00                PROVIDE (_Heap_Limit, (__stack - __Main_Stack_Size))

.isr_vector     0x08000000      0x30c
 FILL mask 0xff
                0x08000000                __vectors_start = ABSOLUTE (.)
                0x08000000                __vectors_start__ = ABSOLUTE (.)
 *(.isr_vector)
 .isr_vector    0x08000000      0x184 ./system/src/cmsis/startup_stm32f207xx.o
                0x08000000                g_pfnVectors
 *(.cfmconfig)
 *(.after_vectors .after_vectors.*)
 .after_vectors
                0x08000184      0x114 ./system/src/newlib/_startup.o
                0x08000184                _start
 .after_vectors
                0x08000298       0x74 ./system/src/cortexm/exception_handlers.o
                0x08000298                Reset_Handler
                0x080002a0                NMI_Handler
                0x080002a4                HardFault_Handler
                0x080002b8                HardFault_Handler_C
                0x080002bc                MemManage_Handler
                0x080002c0                BusFault_Handler
                0x080002d4                BusFault_Handler_C
                0x080002d8                UsageFault_Handler
                0x080002ec                UsageFault_Handler_C
                0x080002f4                DebugMon_Handler

.inits          0x0800030c       0x28
                0x0800030c                __data_regions_array_start = .
                0x0800030c        0x4 LONG 0x8002458 LOADADDR (.data)
                0x08000310        0x4 LONG 0x20000000 ADDR (.data)
                0x08000314        0x4 LONG 0x20000018 (ADDR (.data) + SIZEOF (.data))
                0x08000318        0x4 LONG 0x8002458 LOADADDR (.data_CCMRAM)
                0x0800031c        0x4 LONG 0x0 ADDR (.data_CCMRAM)
                0x08000320        0x4 LONG 0x0 (ADDR (.data_CCMRAM) + SIZEOF (.data_CCMRAM))
                0x08000324                __data_regions_array_end = .
                0x08000324                __bss_regions_array_start = .
                0x08000324        0x4 LONG 0x20000018 ADDR (.bss)
                0x08000328        0x4 LONG 0x200041e8 (ADDR (.bss) + SIZEOF (.bss))
                0x0800032c        0x4 LONG 0x0 ADDR (.bss_CCMRAM)
                0x08000330        0x4 LONG 0x0 (ADDR (.bss_CCMRAM) + SIZEOF (.bss_CCMRAM))
                0x08000334                __bss_regions_array_end = .
 *(.init)
 *(.fini)
                0x08000334                . = ALIGN (0x4)
                0x08000334                PROVIDE (__preinit_array_start, .)
 *(.preinit_array_sysinit .preinit_array_sysinit.*)
 *(.preinit_array_platform .preinit_array_platform.*)
 *(.preinit_array .preinit_array.*)
                0x08000334                PROVIDE (__preinit_array_end, .)
                0x08000334                . = ALIGN (0x4)
                0x08000334                PROVIDE (__init_array_start, .)
 *(SORT(.init_array.*))
 *(.init_array)
                0x08000334                PROVIDE (__init_array_end, .)
                0x08000334                . = ALIGN (0x4)
                0x08000334                PROVIDE (__fini_array_start, .)
 *(SORT(.fini_array.*))
 *(.fini_array)
                0x08000334                PROVIDE (__fini_array_end, .)

.flashtext
 *(.flashtext .flashtext.*)

.text           0x08000340     0x2110
 *(.text .text.*)
 .text.HAL_InitTick
                0x08000340       0x2c ./system/src/stm32f2xx/stm32f2xx_hal.o
                0x08000340                HAL_InitTick
 .text.HAL_Init
                0x0800036c       0x34 ./system/src/stm32f2xx/stm32f2xx_hal.o
                0x0800036c                HAL_Init
 .text.HAL_IncTick
                0x080003a0       0x10 ./system/src/stm32f2xx/stm32f2xx_hal.o
                0x080003a0                HAL_IncTick
 .text.HAL_GetTick
                0x080003b0        0xc ./system/src/stm32f2xx/stm32f2xx_hal.o
                0x080003b0                HAL_GetTick
 .text.HAL_NVIC_SetPriorityGrouping
                0x080003bc       0x3c ./system/src/stm32f2xx/stm32f2xx_hal_cortex.o
                0x080003bc                HAL_NVIC_SetPriorityGrouping
 .text.HAL_NVIC_SetPriority
                0x080003f8       0x84 ./system/src/stm32f2xx/stm32f2xx_hal_cortex.o
                0x080003f8                HAL_NVIC_SetPriority
 .text.HAL_SYSTICK_Config
                0x0800047c       0x2c ./system/src/stm32f2xx/stm32f2xx_hal_cortex.o
                0x0800047c                HAL_SYSTICK_Config
 .text.HAL_SYSTICK_CLKSourceConfig
                0x080004a8       0x38 ./system/src/stm32f2xx/stm32f2xx_hal_cortex.o
                0x080004a8                HAL_SYSTICK_CLKSourceConfig
 .text.HAL_GPIO_Init
                0x080004e0      0x338 ./system/src/stm32f2xx/stm32f2xx_hal_gpio.o
                0x080004e0                HAL_GPIO_Init
 .text.HAL_GPIO_ReadPin
                0x08000818       0x24 ./system/src/stm32f2xx/stm32f2xx_hal_gpio.o
                0x08000818                HAL_GPIO_ReadPin
 .text.HAL_GPIO_WritePin
                0x0800083c       0x34 ./system/src/stm32f2xx/stm32f2xx_hal_gpio.o
                0x0800083c                HAL_GPIO_WritePin
 .text.HAL_GPIO_TogglePin
                0x08000870       0x20 ./system/src/stm32f2xx/stm32f2xx_hal_gpio.o
                0x08000870                HAL_GPIO_TogglePin
 .text.HAL_RCC_OscConfig
                0x08000890      0x454 ./system/src/stm32f2xx/stm32f2xx_hal_rcc.o
                0x08000890                HAL_RCC_OscConfig
 .text.HAL_RCC_GetSysClockFreq
                0x08000ce4       0xcc ./system/src/stm32f2xx/stm32f2xx_hal_rcc.o
                0x08000ce4                HAL_RCC_GetSysClockFreq
 .text.HAL_RCC_ClockConfig
                0x08000db0      0x21c ./system/src/stm32f2xx/stm32f2xx_hal_rcc.o
                0x08000db0                HAL_RCC_ClockConfig
 .text.HAL_RCC_GetHCLKFreq
                0x08000fcc        0xc ./system/src/stm32f2xx/stm32f2xx_hal_rcc.o
                0x08000fcc                HAL_RCC_GetHCLKFreq
 .text._exit    0x08000fd8        0x4 ./system/src/newlib/_exit.o
                0x08000fd8                _exit
 .text.__initialize_args
                0x08000fdc       0x10 ./system/src/newlib/_syscalls.o
                0x08000fdc                __initialize_args
 .text.__initialize_hardware_early
                0x08000fec       0x18 ./system/src/cortexm/_initialize_hardware.o
                0x08000fec                __initialize_hardware_early
 .text.__initialize_hardware
                0x08001004        0x8 ./system/src/cortexm/_initialize_hardware.o
                0x08001004                __initialize_hardware
 .text.Default_Handler
                0x0800100c        0x2 ./system/src/cmsis/startup_stm32f207xx.o
                0x0800100c                RTC_Alarm_IRQHandler
                0x0800100c                HASH_RNG_IRQHandler
                0x0800100c                EXTI2_IRQHandler
                0x0800100c                TIM8_CC_IRQHandler
                0x0800100c                TIM1_CC_IRQHandler
                0x0800100c                DMA2_Stream5_IRQHandler
                0x0800100c                DMA1_Stream5_IRQHandler
                0x0800100c                PVD_IRQHandler
                0x0800100c                SDIO_IRQHandler
                0x0800100c                TAMP_STAMP_IRQHandler
                0x0800100c                CAN2_RX1_IRQHandler
                0x0800100c                EXTI3_IRQHandler
                0x0800100c                TIM8_TRG_COM_TIM14_IRQHandler
                0x0800100c                TIM1_UP_TIM10_IRQHandler
                0x0800100c                TIM8_UP_TIM13_IRQHandler
                0x0800100c                I2C3_ER_IRQHandler
                0x0800100c                EXTI0_IRQHandler
                0x0800100c                I2C2_EV_IRQHandler
                0x0800100c                DMA1_Stream2_IRQHandler
                0x0800100c                CAN1_RX0_IRQHandler
                0x0800100c                OTG_HS_WKUP_IRQHandler
                0x0800100c                CAN2_SCE_IRQHandler
                0x0800100c                DMA2_Stream2_IRQHandler
                0x0800100c                SPI1_IRQHandler
                0x0800100c                TIM6_DAC_IRQHandler
                0x0800100c                TIM1_BRK_TIM9_IRQHandler
                0x0800100c                DCMI_IRQHandler
                0x0800100c                CAN2_RX0_IRQHandler
                0x0800100c                DMA2_Stream3_IRQHandler
                0x0800100c                USART6_IRQHandler
                0x0800100c                USART3_IRQHandler
                0x0800100c                CAN1_RX1_IRQHandler
                0x0800100c                UART5_IRQHandler
                0x0800100c                DMA2_Stream0_IRQHandler
                0x0800100c                TIM4_IRQHandler
                0x0800100c                I2C1_EV_IRQHandler
                0x0800100c                DMA1_Stream6_IRQHandler
                0x0800100c                DMA1_Stream1_IRQHandler
                0x0800100c                UART4_IRQHandler
                0x0800100c                TIM3_IRQHandler
                0x0800100c                RCC_IRQHandler
                0x0800100c                TIM8_BRK_TIM12_IRQHandler
                0x0800100c                Default_Handler
                0x0800100c                EXTI15_10_IRQHandler
                0x0800100c                ADC_IRQHandler
                0x0800100c                DMA1_Stream7_IRQHandler
                0x0800100c                TIM7_IRQHandler
                0x0800100c                CAN2_TX_IRQHandler
                0x0800100c                TIM5_IRQHandler
                0x0800100c                DMA2_Stream7_IRQHandler
                0x0800100c                I2C3_EV_IRQHandler
                0x0800100c                EXTI9_5_IRQHandler
                0x0800100c                RTC_WKUP_IRQHandler
                0x0800100c                ETH_WKUP_IRQHandler
                0x0800100c                SPI2_IRQHandler
                0x0800100c                OTG_HS_EP1_IN_IRQHandler
                0x0800100c                DMA1_Stream0_IRQHandler
                0x0800100c                CAN1_TX_IRQHandler
                0x0800100c                EXTI4_IRQHandler
                0x0800100c                FSMC_IRQHandler
                0x0800100c                ETH_IRQHandler
                0x0800100c                OTG_HS_EP1_OUT_IRQHandler
                0x0800100c                WWDG_IRQHandler
                0x0800100c                TIM2_IRQHandler
                0x0800100c                OTG_FS_WKUP_IRQHandler
                0x0800100c                TIM1_TRG_COM_TIM11_IRQHandler
                0x0800100c                OTG_HS_IRQHandler
                0x0800100c                EXTI1_IRQHandler
                0x0800100c                USART2_IRQHandler
                0x0800100c                I2C2_ER_IRQHandler
                0x0800100c                DMA2_Stream1_IRQHandler
                0x0800100c                CAN1_SCE_IRQHandler
                0x0800100c                FLASH_IRQHandler
                0x0800100c                DMA2_Stream4_IRQHandler
                0x0800100c                USART1_IRQHandler
                0x0800100c                OTG_FS_IRQHandler
                0x0800100c                SPI3_IRQHandler
                0x0800100c                DMA1_Stream4_IRQHandler
                0x0800100c                I2C1_ER_IRQHandler
                0x0800100c                DMA2_Stream6_IRQHandler
                0x0800100c                DMA1_Stream3_IRQHandler
 *fill*         0x0800100e        0x2 
 .text.SystemInit
                0x08001010       0x40 ./system/src/cmsis/system_stm32f2xx.o
                0x08001010                SystemInit
 .text.SystemCoreClockUpdate
                0x08001050       0xa0 ./system/src/cmsis/system_stm32f2xx.o
                0x08001050                SystemCoreClockUpdate
 .text.MX_GPIO_Init
                0x080010f0      0x108 ./src/main.o
 .text.StartDefaultTask
                0x080011f8       0x18 ./src/main.o
                0x080011f8                StartDefaultTask
 .text.BlueLedTask
                0x08001210       0x24 ./src/main.o
                0x08001210                BlueLedTask
 .text._Error_Handler
                0x08001234        0x4 ./src/main.o
                0x08001234                _Error_Handler
 .text.SystemClock_Config
                0x08001238       0x90 ./src/main.o
                0x08001238                SystemClock_Config
 .text.main     0x080012c8       0x50 ./src/main.o
                0x080012c8                main
 .text.assert_failed
                0x08001318        0x4 ./src/main.o
                0x08001318                assert_failed
 .text.HAL_MspInit
                0x0800131c       0x94 ./src/stm32f2xx_hal_msp.o
                0x0800131c                HAL_MspInit
 .text.SysTick_Handler
                0x080013b0        0xc ./src/stm32f2xx_it.o
                0x080013b0                SysTick_Handler
 .text.prvHeapInit
                0x080013bc       0x64 ./Middlewares/Third_Party/FreeRTOS/Source/portable/MemMang/heap_4.o
 .text.prvInsertBlockIntoFreeList
                0x08001420       0x54 ./Middlewares/Third_Party/FreeRTOS/Source/portable/MemMang/heap_4.o
 .text.pvPortMalloc
                0x08001474      0x104 ./Middlewares/Third_Party/FreeRTOS/Source/portable/MemMang/heap_4.o
                0x08001474                pvPortMalloc
 .text.vPortFree
                0x08001578       0x78 ./Middlewares/Third_Party/FreeRTOS/Source/portable/MemMang/heap_4.o
                0x08001578                vPortFree
 .text.prvTaskExitError
                0x080015f0       0x34 ./Middlewares/Third_Party/FreeRTOS/Source/portable/GCC/ARM_CM3/port.o
 .text.prvPortStartFirstTask
                0x08001624       0x20 ./Middlewares/Third_Party/FreeRTOS/Source/portable/GCC/ARM_CM3/port.o
 .text.pxPortInitialiseStack
                0x08001644       0x24 ./Middlewares/Third_Party/FreeRTOS/Source/portable/GCC/ARM_CM3/port.o
                0x08001644                pxPortInitialiseStack
 *fill*         0x08001668        0x8 
 .text.SVC_Handler
                0x08001670       0x24 ./Middlewares/Third_Party/FreeRTOS/Source/portable/GCC/ARM_CM3/port.o
                0x08001670                SVC_Handler
 .text.vPortEnterCritical
                0x08001694       0x44 ./Middlewares/Third_Party/FreeRTOS/Source/portable/GCC/ARM_CM3/port.o
                0x08001694                vPortEnterCritical
 .text.vPortExitCritical
                0x080016d8       0x2c ./Middlewares/Third_Party/FreeRTOS/Source/portable/GCC/ARM_CM3/port.o
                0x080016d8                vPortExitCritical
 *fill*         0x08001704        0xc 
 .text.PendSV_Handler
                0x08001710       0x44 ./Middlewares/Third_Party/FreeRTOS/Source/portable/GCC/ARM_CM3/port.o
                0x08001710                PendSV_Handler
 .text.xPortSysTickHandler
                0x08001754       0x2c ./Middlewares/Third_Party/FreeRTOS/Source/portable/GCC/ARM_CM3/port.o
                0x08001754                xPortSysTickHandler
 .text.vPortSetupTimerInterrupt
                0x08001780       0x2c ./Middlewares/Third_Party/FreeRTOS/Source/portable/GCC/ARM_CM3/port.o
                0x08001780                vPortSetupTimerInterrupt
 .text.xPortStartScheduler
                0x080017ac       0x98 ./Middlewares/Third_Party/FreeRTOS/Source/portable/GCC/ARM_CM3/port.o
                0x080017ac                xPortStartScheduler
 .text.makeFreeRtosPriority
                0x08001844        0xc ./Middlewares/Third_Party/FreeRTOS/Source/CMSIS_RTOS/cmsis_os.o
 .text.osKernelStart
                0x08001850        0xc ./Middlewares/Third_Party/FreeRTOS/Source/CMSIS_RTOS/cmsis_os.o
                0x08001850                osKernelStart
 .text.osThreadCreate
                0x0800185c       0x34 ./Middlewares/Third_Party/FreeRTOS/Source/CMSIS_RTOS/cmsis_os.o
                0x0800185c                osThreadCreate
 .text.osDelay  0x08001890       0x10 ./Middlewares/Third_Party/FreeRTOS/Source/CMSIS_RTOS/cmsis_os.o
                0x08001890                osDelay
 .text.osSystickHandler
                0x080018a0       0x10 ./Middlewares/Third_Party/FreeRTOS/Source/CMSIS_RTOS/cmsis_os.o
                0x080018a0                osSystickHandler
 .text.vListInitialise
                0x080018b0       0x18 ./Middlewares/Third_Party/FreeRTOS/Source/list.o
                0x080018b0                vListInitialise
 .text.vListInitialiseItem
                0x080018c8        0x8 ./Middlewares/Third_Party/FreeRTOS/Source/list.o
                0x080018c8                vListInitialiseItem
 .text.vListInsertEnd
                0x080018d0       0x18 ./Middlewares/Third_Party/FreeRTOS/Source/list.o
                0x080018d0                vListInsertEnd
 .text.vListInsert
                0x080018e8       0x34 ./Middlewares/Third_Party/FreeRTOS/Source/list.o
                0x080018e8                vListInsert
 .text.uxListRemove
                0x0800191c       0x24 ./Middlewares/Third_Party/FreeRTOS/Source/list.o
                0x0800191c                uxListRemove
 .text.prvResetNextTaskUnblockTime
                0x08001940       0x34 ./Middlewares/Third_Party/FreeRTOS/Source/tasks.o
 .text.prvDeleteTCB
                0x08001974       0x14 ./Middlewares/Third_Party/FreeRTOS/Source/tasks.o
 .text.prvInitialiseNewTask
                0x08001988       0x80 ./Middlewares/Third_Party/FreeRTOS/Source/tasks.o
 .text.prvInitialiseTaskLists
                0x08001a08       0x68 ./Middlewares/Third_Party/FreeRTOS/Source/tasks.o
 .text.prvAddNewTaskToReadyList
                0x08001a70       0xa8 ./Middlewares/Third_Party/FreeRTOS/Source/tasks.o
 .text.prvAddCurrentTaskToDelayedList
                0x08001b18       0x98 ./Middlewares/Third_Party/FreeRTOS/Source/tasks.o
 .text.xTaskCreate
                0x08001bb0       0x64 ./Middlewares/Third_Party/FreeRTOS/Source/tasks.o
                0x08001bb0                xTaskCreate
 .text.vTaskStartScheduler
                0x08001c14       0x7c ./Middlewares/Third_Party/FreeRTOS/Source/tasks.o
                0x08001c14                vTaskStartScheduler
 .text.vTaskSuspendAll
                0x08001c90       0x10 ./Middlewares/Third_Party/FreeRTOS/Source/tasks.o
                0x08001c90                vTaskSuspendAll
 .text.xTaskIncrementTick
                0x08001ca0      0x124 ./Middlewares/Third_Party/FreeRTOS/Source/tasks.o
                0x08001ca0                xTaskIncrementTick
 .text.xTaskResumeAll
                0x08001dc4       0xf8 ./Middlewares/Third_Party/FreeRTOS/Source/tasks.o
                0x08001dc4                xTaskResumeAll
 .text.vTaskDelay
                0x08001ebc       0x50 ./Middlewares/Third_Party/FreeRTOS/Source/tasks.o
                0x08001ebc                vTaskDelay
 .text.prvCheckTasksWaitingTermination
                0x08001f0c       0x54 ./Middlewares/Third_Party/FreeRTOS/Source/tasks.o
 .text.prvIdleTask
                0x08001f60       0x28 ./Middlewares/Third_Party/FreeRTOS/Source/tasks.o
 .text.vTaskSwitchContext
                0x08001f88       0x94 ./Middlewares/Third_Party/FreeRTOS/Source/tasks.o
                0x08001f88                vTaskSwitchContext
 .text.xTaskGetSchedulerState
                0x0800201c       0x20 ./Middlewares/Third_Party/FreeRTOS/Source/tasks.o
                0x0800201c                xTaskGetSchedulerState
 .text          0x0800203c       0x30 /home/kishan/Downloads/gcc-arm-none-eabi/gcc-arm-none-eabi-5_4-2016q3/bin/../lib/gcc/arm-none-eabi/5.4.1/armv7-m/libgcc.a(_aeabi_uldivmod.o)
                0x0800203c                __aeabi_uldivmod
 .text          0x0800206c      0x2ec /home/kishan/Downloads/gcc-arm-none-eabi/gcc-arm-none-eabi-5_4-2016q3/bin/../lib/gcc/arm-none-eabi/5.4.1/armv7-m/libgcc.a(_udivmoddi4.o)
                0x0800206c                __udivmoddi4
 .text          0x08002358        0x4 /home/kishan/Downloads/gcc-arm-none-eabi/gcc-arm-none-eabi-5_4-2016q3/bin/../lib/gcc/arm-none-eabi/5.4.1/armv7-m/libgcc.a(_dvmd_tls.o)
                0x08002358                __aeabi_ldiv0
                0x08002358                __aeabi_idiv0
 *(.rodata .rodata.* .constdata .constdata.*)
 .rodata.str1.4
                0x0800235c       0x2f ./system/src/stm32f2xx/stm32f2xx_hal_cortex.o
 *fill*         0x0800238b        0x1 
 .rodata.str1.4
                0x0800238c       0x2d ./system/src/stm32f2xx/stm32f2xx_hal_gpio.o
 *fill*         0x080023b9        0x3 
 .rodata.str1.4
                0x080023bc       0x2c ./system/src/stm32f2xx/stm32f2xx_hal_rcc.o
 .rodata.AHBPrescTable
                0x080023e8       0x10 ./system/src/cmsis/system_stm32f2xx.o
                0x080023e8                AHBPrescTable
 .rodata        0x080023f8       0x28 ./src/main.o
 .rodata.str1.4
                0x08002420       0x28 ./src/main.o
 .rodata.str1.4
                0x08002448        0x8 ./Middlewares/Third_Party/FreeRTOS/Source/tasks.o
                                  0x5 (size before relaxing)
 *(vtable)
 *(.eh_frame*)
 *(.glue_7)
 .glue_7        0x08002450        0x0 linker stubs
 *(.glue_7t)
 .glue_7t       0x08002450        0x0 linker stubs

.vfp11_veneer   0x08002450        0x0
 .vfp11_veneer  0x08002450        0x0 linker stubs

.v4_bx          0x08002450        0x0
 .v4_bx         0x08002450        0x0 linker stubs

.iplt           0x08002450        0x0
 .iplt          0x08002450        0x0 ./system/src/stm32f2xx/stm32f2xx_hal.o

.ARM.extab
 *(.ARM.extab* .gnu.linkonce.armextab.*)
                0x08002450                . = ALIGN (0x4)
                0x08002450                __exidx_start = .

.ARM.exidx      0x08002450        0x8
 *(.ARM.exidx* .gnu.linkonce.armexidx.*)
 .ARM.exidx     0x08002450        0x8 /home/kishan/Downloads/gcc-arm-none-eabi/gcc-arm-none-eabi-5_4-2016q3/bin/../lib/gcc/arm-none-eabi/5.4.1/armv7-m/libgcc.a(_udivmoddi4.o)
                0x08002458                __exidx_end = .

.rel.dyn        0x08002458        0x0
 .rel.iplt      0x08002458        0x0 ./system/src/stm32f2xx/stm32f2xx_hal.o
                0x08002458                . = ALIGN (0x4)
                0x08002458                _etext = .
                0x08002458                __etext = .

.data_CCMRAM    0x00000000        0x0 load address 0x08002458
 FILL mask 0xff
 *(.data.CCMRAM .data.CCMRAM.*)
                0x00000000                . = ALIGN (0x4)
                0x08002458                _sidata = LOADADDR (.data)

.data           0x20000000       0x18 load address 0x08002458
 FILL mask 0xff
                0x20000000                _sdata = .
                0x20000000                __data_start__ = .
 *(.data_begin .data_begin.*)
 .data_begin    0x20000000        0x4 ./system/src/newlib/_startup.o
 *(.data .data.*)
 .data.argv.4770
                0x20000004        0x8 ./system/src/newlib/_syscalls.o
 .data.SystemCoreClock
                0x2000000c        0x4 ./system/src/cmsis/system_stm32f2xx.o
                0x2000000c                SystemCoreClock
 .data.uxCriticalNesting
                0x20000010        0x4 ./Middlewares/Third_Party/FreeRTOS/Source/portable/GCC/ARM_CM3/port.o
 *(.data_end .data_end.*)
 .data_end      0x20000014        0x4 ./system/src/newlib/_startup.o
                0x20000018                . = ALIGN (0x4)
                0x20000018                _edata = .
                0x20000018                __data_end__ = .

.igot.plt       0x20000018        0x0 load address 0x08002470
 .igot.plt      0x20000018        0x0 ./system/src/stm32f2xx/stm32f2xx_hal.o

.bss_CCMRAM     0x00000000        0x0
 *(.bss.CCMRAM .bss.CCMRAM.*)

.bss            0x20000018     0x41d0
                0x20000018                __bss_start__ = .
                0x20000018                _sbss = .
 *(.bss_begin .bss_begin.*)
 .bss_begin     0x20000018        0x4 ./system/src/newlib/_startup.o
 *(.bss .bss.*)
 .bss.name.4769
                0x2000001c        0x1 ./system/src/newlib/_syscalls.o
 *fill*         0x2000001d        0x3 
 .bss.xFreeBytesRemaining
                0x20000020        0x4 ./Middlewares/Third_Party/FreeRTOS/Source/portable/MemMang/heap_4.o
 .bss.pxEnd     0x20000024        0x4 ./Middlewares/Third_Party/FreeRTOS/Source/portable/MemMang/heap_4.o
 .bss.xStart    0x20000028        0x8 ./Middlewares/Third_Party/FreeRTOS/Source/portable/MemMang/heap_4.o
 .bss.ucHeap    0x20000030     0x3c00 ./Middlewares/Third_Party/FreeRTOS/Source/portable/MemMang/heap_4.o
 .bss.xBlockAllocatedBit
                0x20003c30        0x4 ./Middlewares/Third_Party/FreeRTOS/Source/portable/MemMang/heap_4.o
 .bss.xMinimumEverFreeBytesRemaining
                0x20003c34        0x4 ./Middlewares/Third_Party/FreeRTOS/Source/portable/MemMang/heap_4.o
 .bss.ucMaxSysCallPriority
                0x20003c38        0x1 ./Middlewares/Third_Party/FreeRTOS/Source/portable/GCC/ARM_CM3/port.o
 *fill*         0x20003c39        0x3 
 .bss.ulMaxPRIGROUPValue
                0x20003c3c        0x4 ./Middlewares/Third_Party/FreeRTOS/Source/portable/GCC/ARM_CM3/port.o
 .bss.xNumOfOverflows
                0x20003c40        0x4 ./Middlewares/Third_Party/FreeRTOS/Source/tasks.o
 .bss.pxDelayedTaskList
                0x20003c44        0x4 ./Middlewares/Third_Party/FreeRTOS/Source/tasks.o
 .bss.xSchedulerRunning
                0x20003c48        0x4 ./Middlewares/Third_Party/FreeRTOS/Source/tasks.o
 .bss.xTasksWaitingTermination
                0x20003c4c       0x14 ./Middlewares/Third_Party/FreeRTOS/Source/tasks.o
 .bss.pxOverflowDelayedTaskList
                0x20003c60        0x4 ./Middlewares/Third_Party/FreeRTOS/Source/tasks.o
 .bss.uxPendedTicks
                0x20003c64        0x4 ./Middlewares/Third_Party/FreeRTOS/Source/tasks.o
 .bss.pxReadyTasksLists
                0x20003c68       0x8c ./Middlewares/Third_Party/FreeRTOS/Source/tasks.o
 .bss.uxSchedulerSuspended
                0x20003cf4        0x4 ./Middlewares/Third_Party/FreeRTOS/Source/tasks.o
 .bss.uxDeletedTasksWaitingCleanUp
                0x20003cf8        0x4 ./Middlewares/Third_Party/FreeRTOS/Source/tasks.o
 .bss.uxCurrentNumberOfTasks
                0x20003cfc        0x4 ./Middlewares/Third_Party/FreeRTOS/Source/tasks.o
 .bss.pxCurrentTCB
                0x20003d00        0x4 ./Middlewares/Third_Party/FreeRTOS/Source/tasks.o
                0x20003d00                pxCurrentTCB
 .bss.xPendingReadyList
                0x20003d04       0x14 ./Middlewares/Third_Party/FreeRTOS/Source/tasks.o
 .bss.xIdleTaskHandle
                0x20003d18        0x4 ./Middlewares/Third_Party/FreeRTOS/Source/tasks.o
 .bss.xTickCount
                0x20003d1c        0x4 ./Middlewares/Third_Party/FreeRTOS/Source/tasks.o
 .bss.xNextTaskUnblockTime
                0x20003d20        0x4 ./Middlewares/Third_Party/FreeRTOS/Source/tasks.o
 .bss.uxTaskNumber
                0x20003d24        0x4 ./Middlewares/Third_Party/FreeRTOS/Source/tasks.o
 .bss.xDelayedTaskList1
                0x20003d28       0x14 ./Middlewares/Third_Party/FreeRTOS/Source/tasks.o
 .bss.xDelayedTaskList2
                0x20003d3c       0x14 ./Middlewares/Third_Party/FreeRTOS/Source/tasks.o
 .bss.xSuspendedTaskList
                0x20003d50       0x14 ./Middlewares/Third_Party/FreeRTOS/Source/tasks.o
 .bss.uxTopReadyPriority
                0x20003d64        0x4 ./Middlewares/Third_Party/FreeRTOS/Source/tasks.o
 .bss.xYieldPending
                0x20003d68        0x4 ./Middlewares/Third_Party/FreeRTOS/Source/tasks.o
 *(COMMON)
 COMMON         0x20003d6c        0x4 ./system/src/stm32f2xx/stm32f2xx_hal.o
                0x20003d6c                uwTick
 COMMON         0x20003d70      0x474 ./src/main.o
                0x20003d70                defaultTaskHandle
                0x20003d74                huart3
                0x20003db4                hpcd_USB_OTG_FS
                0x2000419c                heth
 *(.bss_end .bss_end.*)
 .bss_end       0x200041e4        0x4 ./system/src/newlib/_startup.o
                0x200041e8                . = ALIGN (0x4)
                0x200041e8                __bss_end__ = .
                0x200041e8                _ebss = .

.noinit_CCMRAM
 *(.noinit.CCMRAM .noinit.CCMRAM.*)

.noinit         0x200041e8        0x0
                0x200041e8                _noinit = .
 *(.noinit .noinit.*)
                0x200041e8                . = ALIGN (0x4)
                0x200041e8                _end_noinit = .
                [!provide]                PROVIDE (end, _end_noinit)
                [!provide]                PROVIDE (_end, _end_noinit)
                [!provide]                PROVIDE (__end, _end_noinit)
                [!provide]                PROVIDE (__end__, _end_noinit)

._check_stack   0x200041e8      0x100
                0x200042e8                . = (. + _Minimum_Stack_Size)
 *fill*         0x200041e8      0x100 

.b1text
 *(.b1text)
 *(.b1rodata)
 *(.b1rodata.*)

.eb0text
 *(.eb0text)
 *(.eb0rodata)
 *(.eb0rodata.*)

.eb1text
 *(.eb1text)
 *(.eb1rodata)
 *(.eb1rodata.*)

.eb2text
 *(.eb2text)
 *(.eb2rodata)
 *(.eb2rodata.*)

.eb3text
 *(.eb3text)
 *(.eb3rodata)
 *(.eb3rodata.*)

.stab
 *(.stab)

.stabstr
 *(.stabstr)

.stab.excl
 *(.stab.excl)

.stab.exclstr
 *(.stab.exclstr)

.stab.index
 *(.stab.index)

.stab.indexstr
 *(.stab.indexstr)

.comment        0x00000000       0x6e
 *(.comment)
 .comment       0x00000000       0x6e ./system/src/stm32f2xx/stm32f2xx_hal.o
                                 0x6f (size before relaxing)
 .comment       0x0000006e       0x6f ./system/src/stm32f2xx/stm32f2xx_hal_cortex.o
 .comment       0x0000006e       0x6f ./system/src/stm32f2xx/stm32f2xx_hal_gpio.o
 .comment       0x0000006e       0x6f ./system/src/stm32f2xx/stm32f2xx_hal_rcc.o
 .comment       0x0000006e       0x6f ./system/src/newlib/_exit.o
 .comment       0x0000006e       0x6f ./system/src/newlib/_startup.o
 .comment       0x0000006e       0x6f ./system/src/newlib/_syscalls.o
 .comment       0x0000006e       0x6f ./system/src/cortexm/_initialize_hardware.o
 .comment       0x0000006e       0x6f ./system/src/cortexm/exception_handlers.o
 .comment       0x0000006e       0x6f ./system/src/cmsis/system_stm32f2xx.o
 .comment       0x0000006e       0x6f ./src/main.o
 .comment       0x0000006e       0x6f ./src/stm32f2xx_hal_msp.o
 .comment       0x0000006e       0x6f ./src/stm32f2xx_it.o
 .comment       0x0000006e       0x6f ./Middlewares/Third_Party/FreeRTOS/Source/portable/MemMang/heap_4.o
 .comment       0x0000006e       0x6f ./Middlewares/Third_Party/FreeRTOS/Source/portable/GCC/ARM_CM3/port.o
 .comment       0x0000006e       0x6f ./Middlewares/Third_Party/FreeRTOS/Source/CMSIS_RTOS/cmsis_os.o
 .comment       0x0000006e       0x6f ./Middlewares/Third_Party/FreeRTOS/Source/list.o
 .comment       0x0000006e       0x6f ./Middlewares/Third_Party/FreeRTOS/Source/tasks.o

.ARM.attributes
                0x00000000       0x31
 .ARM.attributes
                0x00000000       0x33 ./system/src/stm32f2xx/stm32f2xx_hal.o
 .ARM.attributes
                0x00000033       0x33 ./system/src/stm32f2xx/stm32f2xx_hal_cortex.o
 .ARM.attributes
                0x00000066       0x33 ./system/src/stm32f2xx/stm32f2xx_hal_gpio.o
 .ARM.attributes
                0x00000099       0x33 ./system/src/stm32f2xx/stm32f2xx_hal_rcc.o
 .ARM.attributes
                0x000000cc       0x33 ./system/src/newlib/_exit.o
 .ARM.attributes
                0x000000ff       0x33 ./system/src/newlib/_startup.o
 .ARM.attributes
                0x00000132       0x33 ./system/src/newlib/_syscalls.o
 .ARM.attributes
                0x00000165       0x33 ./system/src/cortexm/_initialize_hardware.o
 .ARM.attributes
                0x00000198       0x33 ./system/src/cortexm/exception_handlers.o
 .ARM.attributes
                0x000001cb       0x21 ./system/src/cmsis/startup_stm32f207xx.o
 .ARM.attributes
                0x000001ec       0x33 ./system/src/cmsis/system_stm32f2xx.o
 .ARM.attributes
                0x0000021f       0x33 ./src/main.o
 .ARM.attributes
                0x00000252       0x33 ./src/stm32f2xx_hal_msp.o
 .ARM.attributes
                0x00000285       0x33 ./src/stm32f2xx_it.o
 .ARM.attributes
                0x000002b8       0x33 ./Middlewares/Third_Party/FreeRTOS/Source/portable/MemMang/heap_4.o
 .ARM.attributes
                0x000002eb       0x33 ./Middlewares/Third_Party/FreeRTOS/Source/portable/GCC/ARM_CM3/port.o
 .ARM.attributes
                0x0000031e       0x33 ./Middlewares/Third_Party/FreeRTOS/Source/CMSIS_RTOS/cmsis_os.o
 .ARM.attributes
                0x00000351       0x33 ./Middlewares/Third_Party/FreeRTOS/Source/list.o
 .ARM.attributes
                0x00000384       0x33 ./Middlewares/Third_Party/FreeRTOS/Source/tasks.o
 .ARM.attributes
                0x000003b7       0x1d /home/kishan/Downloads/gcc-arm-none-eabi/gcc-arm-none-eabi-5_4-2016q3/bin/../lib/gcc/arm-none-eabi/5.4.1/armv7-m/libgcc.a(_aeabi_uldivmod.o)
 .ARM.attributes
                0x000003d4       0x2d /home/kishan/Downloads/gcc-arm-none-eabi/gcc-arm-none-eabi-5_4-2016q3/bin/../lib/gcc/arm-none-eabi/5.4.1/armv7-m/libgcc.a(_udivmoddi4.o)
 .ARM.attributes
                0x00000401       0x1d /home/kishan/Downloads/gcc-arm-none-eabi/gcc-arm-none-eabi-5_4-2016q3/bin/../lib/gcc/arm-none-eabi/5.4.1/armv7-m/libgcc.a(_dvmd_tls.o)

.debug
 *(.debug)

.line
 *(.line)

.debug_srcinfo
 *(.debug_srcinfo)

.debug_sfnames
 *(.debug_sfnames)

.debug_aranges  0x00000000      0x9b0
 *(.debug_aranges)
 .debug_aranges
                0x00000000       0xc8 ./system/src/stm32f2xx/stm32f2xx_hal.o
 .debug_aranges
                0x000000c8       0xa8 ./system/src/stm32f2xx/stm32f2xx_hal_cortex.o
 .debug_aranges
                0x00000170       0x58 ./system/src/stm32f2xx/stm32f2xx_hal_gpio.o
 .debug_aranges
                0x000001c8       0x88 ./system/src/stm32f2xx/stm32f2xx_hal_rcc.o
 .debug_aranges
                0x00000250       0x28 ./system/src/newlib/_exit.o
 .debug_aranges
                0x00000278       0x40 ./system/src/newlib/_startup.o
 .debug_aranges
                0x000002b8       0xd0 ./system/src/newlib/_syscalls.o
 .debug_aranges
                0x00000388       0x28 ./system/src/cortexm/_initialize_hardware.o
 .debug_aranges
                0x000003b0       0x80 ./system/src/cortexm/exception_handlers.o
 .debug_aranges
                0x00000430       0x28 ./system/src/cmsis/startup_stm32f207xx.o
 .debug_aranges
                0x00000458       0x28 ./system/src/cmsis/system_stm32f2xx.o
 .debug_aranges
                0x00000480       0x50 ./src/main.o
 .debug_aranges
                0x000004d0       0x50 ./src/stm32f2xx_hal_msp.o
 .debug_aranges
                0x00000520       0x20 ./src/stm32f2xx_it.o
 .debug_aranges
                0x00000540       0x50 ./Middlewares/Third_Party/FreeRTOS/Source/portable/MemMang/heap_4.o
 .debug_aranges
                0x00000590       0x78 ./Middlewares/Third_Party/FreeRTOS/Source/portable/GCC/ARM_CM3/port.o
 .debug_aranges
                0x00000608      0x1d8 ./Middlewares/Third_Party/FreeRTOS/Source/CMSIS_RTOS/cmsis_os.o
 .debug_aranges
                0x000007e0       0x40 ./Middlewares/Third_Party/FreeRTOS/Source/list.o
 .debug_aranges
                0x00000820      0x190 ./Middlewares/Third_Party/FreeRTOS/Source/tasks.o

.debug_pubnames
 *(.debug_pubnames)

.debug_info     0x00000000     0xc84a
 *(.debug_info .gnu.linkonce.wi.*)
 .debug_info    0x00000000      0x91b ./system/src/stm32f2xx/stm32f2xx_hal.o
 .debug_info    0x0000091b     0x11a0 ./system/src/stm32f2xx/stm32f2xx_hal_cortex.o
 .debug_info    0x00001abb      0x896 ./system/src/stm32f2xx/stm32f2xx_hal_gpio.o
 .debug_info    0x00002351      0xf74 ./system/src/stm32f2xx/stm32f2xx_hal_rcc.o
 .debug_info    0x000032c5       0xee ./system/src/newlib/_exit.o
 .debug_info    0x000033b3      0x460 ./system/src/newlib/_startup.o
 .debug_info    0x00003813      0x988 ./system/src/newlib/_syscalls.o
 .debug_info    0x0000419b      0x2d2 ./system/src/cortexm/_initialize_hardware.o
 .debug_info    0x0000446d      0x297 ./system/src/cortexm/exception_handlers.o
 .debug_info    0x00004704       0x91 ./system/src/cmsis/startup_stm32f207xx.o
 .debug_info    0x00004795      0x4f2 ./system/src/cmsis/system_stm32f2xx.o
 .debug_info    0x00004c87     0x1ae3 ./src/main.o
 .debug_info    0x0000676a     0x1817 ./src/stm32f2xx_hal_msp.o
 .debug_info    0x00007f81       0xeb ./src/stm32f2xx_it.o
 .debug_info    0x0000806c      0x449 ./Middlewares/Third_Party/FreeRTOS/Source/portable/MemMang/heap_4.o
 .debug_info    0x000084b5      0x4cd ./Middlewares/Third_Party/FreeRTOS/Source/portable/GCC/ARM_CM3/port.o
 .debug_info    0x00008982     0x1aff ./Middlewares/Third_Party/FreeRTOS/Source/CMSIS_RTOS/cmsis_os.o
 .debug_info    0x0000a481      0x2a5 ./Middlewares/Third_Party/FreeRTOS/Source/list.o
 .debug_info    0x0000a726     0x2124 ./Middlewares/Third_Party/FreeRTOS/Source/tasks.o

.debug_abbrev   0x00000000     0x21d0
 *(.debug_abbrev)
 .debug_abbrev  0x00000000      0x25c ./system/src/stm32f2xx/stm32f2xx_hal.o
 .debug_abbrev  0x0000025c      0x324 ./system/src/stm32f2xx/stm32f2xx_hal_cortex.o
 .debug_abbrev  0x00000580      0x204 ./system/src/stm32f2xx/stm32f2xx_hal_gpio.o
 .debug_abbrev  0x00000784      0x2b6 ./system/src/stm32f2xx/stm32f2xx_hal_rcc.o
 .debug_abbrev  0x00000a3a       0xbd ./system/src/newlib/_exit.o
 .debug_abbrev  0x00000af7      0x1ac ./system/src/newlib/_startup.o
 .debug_abbrev  0x00000ca3      0x169 ./system/src/newlib/_syscalls.o
 .debug_abbrev  0x00000e0c       0xea ./system/src/cortexm/_initialize_hardware.o
 .debug_abbrev  0x00000ef6      0x118 ./system/src/cortexm/exception_handlers.o
 .debug_abbrev  0x0000100e       0x12 ./system/src/cmsis/startup_stm32f207xx.o
 .debug_abbrev  0x00001020      0x104 ./system/src/cmsis/system_stm32f2xx.o
 .debug_abbrev  0x00001124      0x2b3 ./src/main.o
 .debug_abbrev  0x000013d7      0x228 ./src/stm32f2xx_hal_msp.o
 .debug_abbrev  0x000015ff       0x99 ./src/stm32f2xx_it.o
 .debug_abbrev  0x00001698      0x1fe ./Middlewares/Third_Party/FreeRTOS/Source/portable/MemMang/heap_4.o
 .debug_abbrev  0x00001896      0x254 ./Middlewares/Third_Party/FreeRTOS/Source/portable/GCC/ARM_CM3/port.o
 .debug_abbrev  0x00001aea      0x2fe ./Middlewares/Third_Party/FreeRTOS/Source/CMSIS_RTOS/cmsis_os.o
 .debug_abbrev  0x00001de8       0xdf ./Middlewares/Third_Party/FreeRTOS/Source/list.o
 .debug_abbrev  0x00001ec7      0x309 ./Middlewares/Third_Party/FreeRTOS/Source/tasks.o

.debug_line     0x00000000     0x7934
 *(.debug_line)
 .debug_line    0x00000000      0x7cf ./system/src/stm32f2xx/stm32f2xx_hal.o
 .debug_line    0x000007cf      0x8d5 ./system/src/stm32f2xx/stm32f2xx_hal_cortex.o
 .debug_line    0x000010a4      0x953 ./system/src/stm32f2xx/stm32f2xx_hal_gpio.o
 .debug_line    0x000019f7      0xa8e ./system/src/stm32f2xx/stm32f2xx_hal_rcc.o
 .debug_line    0x00002485      0x370 ./system/src/newlib/_exit.o
 .debug_line    0x000027f5      0x3e1 ./system/src/newlib/_startup.o
 .debug_line    0x00002bd6      0x5b2 ./system/src/newlib/_syscalls.o
 .debug_line    0x00003188      0x321 ./system/src/cortexm/_initialize_hardware.o
 .debug_line    0x000034a9      0x4e4 ./system/src/cortexm/exception_handlers.o
 .debug_line    0x0000398d       0x88 ./system/src/cmsis/startup_stm32f207xx.o
 .debug_line    0x00003a15      0x321 ./system/src/cmsis/system_stm32f2xx.o
 .debug_line    0x00003d36      0x845 ./src/main.o
 .debug_line    0x0000457b      0x6e1 ./src/stm32f2xx_hal_msp.o
 .debug_line    0x00004c5c      0x7b3 ./src/stm32f2xx_it.o
 .debug_line    0x0000540f      0x51f ./Middlewares/Third_Party/FreeRTOS/Source/portable/MemMang/heap_4.o
 .debug_line    0x0000592e      0x484 ./Middlewares/Third_Party/FreeRTOS/Source/portable/GCC/ARM_CM3/port.o
 .debug_line    0x00005db2      0xa67 ./Middlewares/Third_Party/FreeRTOS/Source/CMSIS_RTOS/cmsis_os.o
 .debug_line    0x00006819      0x466 ./Middlewares/Third_Party/FreeRTOS/Source/list.o
 .debug_line    0x00006c7f      0xcb5 ./Middlewares/Third_Party/FreeRTOS/Source/tasks.o

.debug_frame    0x00000000     0x183c
 *(.debug_frame)
 .debug_frame   0x00000000      0x198 ./system/src/stm32f2xx/stm32f2xx_hal.o
 .debug_frame   0x00000198      0x19c ./system/src/stm32f2xx/stm32f2xx_hal_cortex.o
 .debug_frame   0x00000334       0xf8 ./system/src/stm32f2xx/stm32f2xx_hal_gpio.o
 .debug_frame   0x0000042c      0x174 ./system/src/stm32f2xx/stm32f2xx_hal_rcc.o
 .debug_frame   0x000005a0       0x38 ./system/src/newlib/_exit.o
 .debug_frame   0x000005d8       0x7c ./system/src/newlib/_startup.o
 .debug_frame   0x00000654      0x230 ./system/src/newlib/_syscalls.o
 .debug_frame   0x00000884       0x40 ./system/src/cortexm/_initialize_hardware.o
 .debug_frame   0x000008c4       0xe8 ./system/src/cortexm/exception_handlers.o
 .debug_frame   0x000009ac       0x30 ./system/src/cmsis/system_stm32f2xx.o
 .debug_frame   0x000009dc       0xc0 ./src/main.o
 .debug_frame   0x00000a9c       0xec ./src/stm32f2xx_hal_msp.o
 .debug_frame   0x00000b88       0x28 ./src/stm32f2xx_it.o
 .debug_frame   0x00000bb0       0xac ./Middlewares/Third_Party/FreeRTOS/Source/portable/MemMang/heap_4.o
 .debug_frame   0x00000c5c       0xe0 ./Middlewares/Third_Party/FreeRTOS/Source/portable/GCC/ARM_CM3/port.o
 .debug_frame   0x00000d3c      0x56c ./Middlewares/Third_Party/FreeRTOS/Source/CMSIS_RTOS/cmsis_os.o
 .debug_frame   0x000012a8       0x6c ./Middlewares/Third_Party/FreeRTOS/Source/list.o
 .debug_frame   0x00001314      0x4c4 ./Middlewares/Third_Party/FreeRTOS/Source/tasks.o
 .debug_frame   0x000017d8       0x2c /home/kishan/Downloads/gcc-arm-none-eabi/gcc-arm-none-eabi-5_4-2016q3/bin/../lib/gcc/arm-none-eabi/5.4.1/armv7-m/libgcc.a(_aeabi_uldivmod.o)
 .debug_frame   0x00001804       0x38 /home/kishan/Downloads/gcc-arm-none-eabi/gcc-arm-none-eabi-5_4-2016q3/bin/../lib/gcc/arm-none-eabi/5.4.1/armv7-m/libgcc.a(_udivmoddi4.o)

.debug_str      0x00000000    0xc8645
 *(.debug_str)
 .debug_str     0x00000000    0xbd004 ./system/src/stm32f2xx/stm32f2xx_hal.o
                              0xbd38c (size before relaxing)
 .debug_str     0x000bd004      0x3b0 ./system/src/stm32f2xx/stm32f2xx_hal_cortex.o
                              0xbd24c (size before relaxing)
 .debug_str     0x000bd3b4      0x27b ./system/src/stm32f2xx/stm32f2xx_hal_gpio.o
                              0xbcbc0 (size before relaxing)
 .debug_str     0x000bd62f      0x39b ./system/src/stm32f2xx/stm32f2xx_hal_rcc.o
                              0xbcdca (size before relaxing)
 .debug_str     0x000bd9ca     0x10b6 ./system/src/newlib/_exit.o
                               0x6e77 (size before relaxing)
 .debug_str     0x000bea80      0x260 ./system/src/newlib/_startup.o
                               0x5de2 (size before relaxing)
 .debug_str     0x000bece0     0x133c ./system/src/newlib/_syscalls.o
                               0x7378 (size before relaxing)
 .debug_str     0x000c001c       0x77 ./system/src/cortexm/_initialize_hardware.o
                              0x7e172 (size before relaxing)
 .debug_str     0x000c0093      0x1ad ./system/src/cortexm/exception_handlers.o
                              0x82606 (size before relaxing)
 .debug_str     0x000c0240       0x65 ./system/src/cmsis/system_stm32f2xx.o
                              0x7e27e (size before relaxing)
 .debug_str     0x000c02a5     0x5e56 ./src/main.o
                              0xc2f42 (size before relaxing)
 .debug_str     0x000c60fb       0x8e ./src/stm32f2xx_hal_msp.o
                              0xbd9f8 (size before relaxing)
 .debug_str     0x000c6189       0x39 ./src/stm32f2xx_it.o
                              0xc1a04 (size before relaxing)
 .debug_str     0x000c61c2      0x2fe ./Middlewares/Third_Party/FreeRTOS/Source/portable/MemMang/heap_4.o
                               0x9b67 (size before relaxing)
 .debug_str     0x000c64c0      0x75e ./Middlewares/Third_Party/FreeRTOS/Source/portable/GCC/ARM_CM3/port.o
                               0x78cc (size before relaxing)
 .debug_str     0x000c6c1e      0x922 ./Middlewares/Third_Party/FreeRTOS/Source/CMSIS_RTOS/cmsis_os.o
                               0xc198 (size before relaxing)
 .debug_str     0x000c7540      0x13d ./Middlewares/Third_Party/FreeRTOS/Source/list.o
                               0x9427 (size before relaxing)
 .debug_str     0x000c767d      0xfc8 ./Middlewares/Third_Party/FreeRTOS/Source/tasks.o
                               0xb4b1 (size before relaxing)

.debug_loc      0x00000000     0x3fbc
 *(.debug_loc)
 .debug_loc     0x00000000       0x91 ./system/src/stm32f2xx/stm32f2xx_hal.o
 .debug_loc     0x00000091      0x5a1 ./system/src/stm32f2xx/stm32f2xx_hal_cortex.o
 .debug_loc     0x00000632      0x4b0 ./system/src/stm32f2xx/stm32f2xx_hal_gpio.o
 .debug_loc     0x00000ae2      0x56c ./system/src/stm32f2xx/stm32f2xx_hal_rcc.o
 .debug_loc     0x0000104e      0x265 ./system/src/newlib/_startup.o
 .debug_loc     0x000012b3      0x549 ./system/src/newlib/_syscalls.o
 .debug_loc     0x000017fc      0x132 ./system/src/cmsis/system_stm32f2xx.o
 .debug_loc     0x0000192e       0x42 ./src/main.o
 .debug_loc     0x00001970       0xe7 ./src/stm32f2xx_hal_msp.o
 .debug_loc     0x00001a57      0x2b7 ./Middlewares/Third_Party/FreeRTOS/Source/portable/MemMang/heap_4.o
 .debug_loc     0x00001d0e       0xce ./Middlewares/Third_Party/FreeRTOS/Source/portable/GCC/ARM_CM3/port.o
 .debug_loc     0x00001ddc      0xf68 ./Middlewares/Third_Party/FreeRTOS/Source/CMSIS_RTOS/cmsis_os.o
 .debug_loc     0x00002d44       0x65 ./Middlewares/Third_Party/FreeRTOS/Source/list.o
 .debug_loc     0x00002da9     0x1213 ./Middlewares/Third_Party/FreeRTOS/Source/tasks.o

.debug_macinfo
 *(.debug_macinfo)

.debug_weaknames
 *(.debug_weaknames)

.debug_funcnames
 *(.debug_funcnames)

.debug_typenames
 *(.debug_typenames)

.debug_varnames
 *(.debug_varnames)
OUTPUT(Freertos_sample2.elf elf32-littlearm)

.debug_ranges   0x00000000      0x8d8
 .debug_ranges  0x00000000       0xb8 ./system/src/stm32f2xx/stm32f2xx_hal.o
 .debug_ranges  0x000000b8       0x98 ./system/src/stm32f2xx/stm32f2xx_hal_cortex.o
 .debug_ranges  0x00000150       0x48 ./system/src/stm32f2xx/stm32f2xx_hal_gpio.o
 .debug_ranges  0x00000198       0x78 ./system/src/stm32f2xx/stm32f2xx_hal_rcc.o
 .debug_ranges  0x00000210       0x18 ./system/src/newlib/_exit.o
 .debug_ranges  0x00000228       0x48 ./system/src/newlib/_startup.o
 .debug_ranges  0x00000270       0xc0 ./system/src/newlib/_syscalls.o
 .debug_ranges  0x00000330       0x18 ./system/src/cortexm/_initialize_hardware.o
 .debug_ranges  0x00000348       0x70 ./system/src/cortexm/exception_handlers.o
 .debug_ranges  0x000003b8       0x20 ./system/src/cmsis/startup_stm32f207xx.o
 .debug_ranges  0x000003d8       0x18 ./system/src/cmsis/system_stm32f2xx.o
 .debug_ranges  0x000003f0       0x40 ./src/main.o
 .debug_ranges  0x00000430       0x40 ./src/stm32f2xx_hal_msp.o
 .debug_ranges  0x00000470       0x10 ./src/stm32f2xx_it.o
 .debug_ranges  0x00000480       0x40 ./Middlewares/Third_Party/FreeRTOS/Source/portable/MemMang/heap_4.o
 .debug_ranges  0x000004c0       0x68 ./Middlewares/Third_Party/FreeRTOS/Source/portable/GCC/ARM_CM3/port.o
 .debug_ranges  0x00000528      0x1c8 ./Middlewares/Third_Party/FreeRTOS/Source/CMSIS_RTOS/cmsis_os.o
 .debug_ranges  0x000006f0       0x30 ./Middlewares/Third_Party/FreeRTOS/Source/list.o
 .debug_ranges  0x00000720      0x1b8 ./Middlewares/Third_Party/FreeRTOS/Source/tasks.o

.debug_macro    0x00000000    0x21ed9
 .debug_macro   0x00000000      0x35a ./system/src/stm32f2xx/stm32f2xx_hal.o
 .debug_macro   0x0000035a      0x886 ./system/src/stm32f2xx/stm32f2xx_hal.o
 .debug_macro   0x00000be0      0x13d ./system/src/stm32f2xx/stm32f2xx_hal.o
 .debug_macro   0x00000d1d      0x18c ./system/src/stm32f2xx/stm32f2xx_hal.o
 .debug_macro   0x00000ea9       0x2e ./system/src/stm32f2xx/stm32f2xx_hal.o
 .debug_macro   0x00000ed7       0x22 ./system/src/stm32f2xx/stm32f2xx_hal.o
 .debug_macro   0x00000ef9       0x22 ./system/src/stm32f2xx/stm32f2xx_hal.o
 .debug_macro   0x00000f1b       0x87 ./system/src/stm32f2xx/stm32f2xx_hal.o
 .debug_macro   0x00000fa2       0x44 ./system/src/stm32f2xx/stm32f2xx_hal.o
 .debug_macro   0x00000fe6       0xfd ./system/src/stm32f2xx/stm32f2xx_hal.o
 .debug_macro   0x000010e3       0x5e ./system/src/stm32f2xx/stm32f2xx_hal.o
 .debug_macro   0x00001141      0x1df ./system/src/stm32f2xx/stm32f2xx_hal.o
 .debug_macro   0x00001320       0x34 ./system/src/stm32f2xx/stm32f2xx_hal.o
 .debug_macro   0x00001354       0x34 ./system/src/stm32f2xx/stm32f2xx_hal.o
 .debug_macro   0x00001388      0xcb4 ./system/src/stm32f2xx/stm32f2xx_hal.o
 .debug_macro   0x0000203c    0x14f9b ./system/src/stm32f2xx/stm32f2xx_hal.o
 .debug_macro   0x00016fd7       0x43 ./system/src/stm32f2xx/stm32f2xx_hal.o
 .debug_macro   0x0001701a     0x34c5 ./system/src/stm32f2xx/stm32f2xx_hal.o
 .debug_macro   0x0001a4df       0x52 ./system/src/stm32f2xx/stm32f2xx_hal.o
 .debug_macro   0x0001a531       0x35 ./system/src/stm32f2xx/stm32f2xx_hal.o
 .debug_macro   0x0001a566       0x9c ./system/src/stm32f2xx/stm32f2xx_hal.o
 .debug_macro   0x0001a602       0x16 ./system/src/stm32f2xx/stm32f2xx_hal.o
 .debug_macro   0x0001a618       0x97 ./system/src/stm32f2xx/stm32f2xx_hal.o
 .debug_macro   0x0001a6af      0x30d ./system/src/stm32f2xx/stm32f2xx_hal.o
 .debug_macro   0x0001a9bc       0xfd ./system/src/stm32f2xx/stm32f2xx_hal.o
 .debug_macro   0x0001aab9       0x10 ./system/src/stm32f2xx/stm32f2xx_hal.o
 .debug_macro   0x0001aac9       0x52 ./system/src/stm32f2xx/stm32f2xx_hal.o
 .debug_macro   0x0001ab1b       0x1f ./system/src/stm32f2xx/stm32f2xx_hal.o
 .debug_macro   0x0001ab3a       0x43 ./system/src/stm32f2xx/stm32f2xx_hal.o
 .debug_macro   0x0001ab7d       0x20 ./system/src/stm32f2xx/stm32f2xx_hal.o
 .debug_macro   0x0001ab9d      0x187 ./system/src/stm32f2xx/stm32f2xx_hal.o
 .debug_macro   0x0001ad24       0x10 ./system/src/stm32f2xx/stm32f2xx_hal.o
 .debug_macro   0x0001ad34       0x1c ./system/src/stm32f2xx/stm32f2xx_hal.o
 .debug_macro   0x0001ad50       0x52 ./system/src/stm32f2xx/stm32f2xx_hal.o
 .debug_macro   0x0001ada2       0x40 ./system/src/stm32f2xx/stm32f2xx_hal.o
 .debug_macro   0x0001ade2       0x10 ./system/src/stm32f2xx/stm32f2xx_hal.o
 .debug_macro   0x0001adf2       0x40 ./system/src/stm32f2xx/stm32f2xx_hal.o
 .debug_macro   0x0001ae32       0xd7 ./system/src/stm32f2xx/stm32f2xx_hal.o
 .debug_macro   0x0001af09       0x16 ./system/src/stm32f2xx/stm32f2xx_hal.o
 .debug_macro   0x0001af1f      0x18b ./system/src/stm32f2xx/stm32f2xx_hal.o
 .debug_macro   0x0001b0aa       0x4f ./system/src/stm32f2xx/stm32f2xx_hal.o
 .debug_macro   0x0001b0f9     0x103b ./system/src/stm32f2xx/stm32f2xx_hal.o
 .debug_macro   0x0001c134      0x154 ./system/src/stm32f2xx/stm32f2xx_hal.o
 .debug_macro   0x0001c288      0x170 ./system/src/stm32f2xx/stm32f2xx_hal.o
 .debug_macro   0x0001c3f8      0x11e ./system/src/stm32f2xx/stm32f2xx_hal.o
 .debug_macro   0x0001c516      0x10f ./system/src/stm32f2xx/stm32f2xx_hal.o
 .debug_macro   0x0001c625       0x27 ./system/src/stm32f2xx/stm32f2xx_hal.o
 .debug_macro   0x0001c64c      0x287 ./system/src/stm32f2xx/stm32f2xx_hal.o
 .debug_macro   0x0001c8d3       0x5f ./system/src/stm32f2xx/stm32f2xx_hal.o
 .debug_macro   0x0001c932      0x23a ./system/src/stm32f2xx/stm32f2xx_hal.o
 .debug_macro   0x0001cb6c      0xcd5 ./system/src/stm32f2xx/stm32f2xx_hal.o
 .debug_macro   0x0001d841      0x12d ./system/src/stm32f2xx/stm32f2xx_hal.o
 .debug_macro   0x0001d96e      0x21b ./system/src/stm32f2xx/stm32f2xx_hal.o
 .debug_macro   0x0001db89       0x2e ./system/src/stm32f2xx/stm32f2xx_hal.o
 .debug_macro   0x0001dbb7      0x117 ./system/src/stm32f2xx/stm32f2xx_hal.o
 .debug_macro   0x0001dcce       0x22 ./system/src/stm32f2xx/stm32f2xx_hal.o
 .debug_macro   0x0001dcf0       0x82 ./system/src/stm32f2xx/stm32f2xx_hal.o
 .debug_macro   0x0001dd72      0x287 ./system/src/stm32f2xx/stm32f2xx_hal.o
 .debug_macro   0x0001dff9      0x1df ./system/src/stm32f2xx/stm32f2xx_hal.o
 .debug_macro   0x0001e1d8      0x116 ./system/src/stm32f2xx/stm32f2xx_hal.o
 .debug_macro   0x0001e2ee      0x125 ./system/src/stm32f2xx/stm32f2xx_hal.o
 .debug_macro   0x0001e413      0x30c ./system/src/stm32f2xx/stm32f2xx_hal_cortex.o
 .debug_macro   0x0001e71f      0x344 ./system/src/stm32f2xx/stm32f2xx_hal_gpio.o
 .debug_macro   0x0001ea63      0x336 ./system/src/stm32f2xx/stm32f2xx_hal_rcc.o
 .debug_macro   0x0001ed99      0x19c ./system/src/newlib/_exit.o
 .debug_macro   0x0001ef35      0x880 ./system/src/newlib/_exit.o
 .debug_macro   0x0001f7b5      0x10e ./system/src/newlib/_exit.o
 .debug_macro   0x0001f8c3       0x8d ./system/src/newlib/_exit.o
 .debug_macro   0x0001f950       0x35 ./system/src/newlib/_exit.o
 .debug_macro   0x0001f985      0x170 ./system/src/newlib/_startup.o
 .debug_macro   0x0001faf5      0x1ff ./system/src/newlib/_syscalls.o
 .debug_macro   0x0001fcf4       0x1c ./system/src/newlib/_syscalls.o
 .debug_macro   0x0001fd10       0x10 ./system/src/newlib/_syscalls.o
 .debug_macro   0x0001fd20       0x10 ./system/src/newlib/_syscalls.o
 .debug_macro   0x0001fd30       0x10 ./system/src/newlib/_syscalls.o
 .debug_macro   0x0001fd40       0x35 ./system/src/newlib/_syscalls.o
 .debug_macro   0x0001fd75      0x122 ./system/src/newlib/_syscalls.o
 .debug_macro   0x0001fe97       0x88 ./system/src/newlib/_syscalls.o
 .debug_macro   0x0001ff1f       0x2b ./system/src/newlib/_syscalls.o
 .debug_macro   0x0001ff4a      0x118 ./system/src/newlib/_syscalls.o
 .debug_macro   0x00020062      0x159 ./system/src/newlib/_syscalls.o
 .debug_macro   0x000201bb       0x16 ./system/src/newlib/_syscalls.o
 .debug_macro   0x000201d1       0xc8 ./system/src/cortexm/_initialize_hardware.o
 .debug_macro   0x00020299      0x235 ./system/src/cortexm/exception_handlers.o
 .debug_macro   0x000204ce       0x3a ./system/src/cortexm/exception_handlers.o
 .debug_macro   0x00020508       0x22 ./system/src/cortexm/exception_handlers.o
 .debug_macro   0x0002052a       0x10 ./system/src/cortexm/exception_handlers.o
 .debug_macro   0x0002053a       0xcf ./system/src/cortexm/exception_handlers.o
 .debug_macro   0x00020609       0xbe ./system/src/cortexm/exception_handlers.o
 .debug_macro   0x000206c7       0x10 ./system/src/cortexm/exception_handlers.o
 .debug_macro   0x000206d7       0xca ./system/src/cmsis/system_stm32f2xx.o
 .debug_macro   0x000207a1      0x3c4 ./src/main.o
 .debug_macro   0x00020b65       0xd8 ./src/main.o
 .debug_macro   0x00020c3d       0x91 ./src/main.o
 .debug_macro   0x00020cce       0x94 ./src/main.o
 .debug_macro   0x00020d62       0x63 ./src/main.o
 .debug_macro   0x00020dc5       0x19 ./src/main.o
 .debug_macro   0x00020dde       0xcf ./src/main.o
 .debug_macro   0x00020ead      0x30c ./src/stm32f2xx_hal_msp.o
 .debug_macro   0x000211b9      0x3ca ./src/stm32f2xx_it.o
 .debug_macro   0x00021583      0x1b2 ./Middlewares/Third_Party/FreeRTOS/Source/portable/MemMang/heap_4.o
 .debug_macro   0x00021735      0x185 ./Middlewares/Third_Party/FreeRTOS/Source/portable/GCC/ARM_CM3/port.o
 .debug_macro   0x000218ba      0x1f3 ./Middlewares/Third_Party/FreeRTOS/Source/CMSIS_RTOS/cmsis_os.o
 .debug_macro   0x00021aad       0x26 ./Middlewares/Third_Party/FreeRTOS/Source/CMSIS_RTOS/cmsis_os.o
 .debug_macro   0x00021ad3      0x18b ./Middlewares/Third_Party/FreeRTOS/Source/list.o
 .debug_macro   0x00021c5e      0x26a ./Middlewares/Third_Party/FreeRTOS/Source/tasks.o
 .debug_macro   0x00021ec8       0x11 ./Middlewares/Third_Party/FreeRTOS/Source/tasks.o
